This is pdfTeX, Version 3.141592653-2.6-1.40.29 (TeX Live 2026) (preloaded format=pdflatex 2026.8.21)  19 SEP 2026 13:39
entering extended mode
 restricted \write18 enabled.
 file:line:error style messages enabled.
 %&-line parsing enabled.
**221.tex
(./221.tex
LaTeX2e <2026-06-01>
L3 programming layer <2026-08-10>
(/usr/local/texlive/2026/texmf-dist/tex/latex/amscls/amsart.cls
Document Class: amsart 2020/05/29 v2.20.6
\linespacing=\dimen150
\normalparindent=\dimen151
\normaltopskip=\skip49
(/usr/local/texlive/2026/texmf-dist/tex/latex/amsmath/amsmath.sty
Package: amsmath 2026/05/19 v2.18d AMS math features
\@mathmargin=\skip50

For additional information on amsmath, use the `?' option.
(/usr/local/texlive/2026/texmf-dist/tex/latex/amsmath/amstext.sty
Package: amstext 2024/11/17 v2.01 AMS text

(/usr/local/texlive/2026/texmf-dist/tex/latex/amsmath/amsgen.sty
File: amsgen.sty 1999/11/30 v2.0 generic functions
\@emptytoks=\toks17
\ex@=\dimen152
))
(/usr/local/texlive/2026/texmf-dist/tex/latex/amsmath/amsbsy.sty
Package: amsbsy 1999/11/29 v1.2d Bold Symbols
\pmbraise@=\dimen153
)
(/usr/local/texlive/2026/texmf-dist/tex/latex/amsmath/amsopn.sty
Package: amsopn 2022/04/08 v2.04 operator names
)
\inf@bad=\count276
LaTeX Info: Redefining \frac on input line 233.
\uproot@=\count277
\leftroot@=\count278
LaTeX Info: Redefining \overline on input line 398.
LaTeX Info: Redefining \colon on input line 409.
\classnum@=\count279
\DOTSCASE@=\count280
LaTeX Info: Redefining \ldots on input line 495.
LaTeX Info: Redefining \dots on input line 498.
LaTeX Info: Redefining \cdots on input line 619.
\Mathstrutbox@=\box53
\strutbox@=\box54
LaTeX Info: Redefining \big on input line 721.
LaTeX Info: Redefining \Big on input line 722.
LaTeX Info: Redefining \bigg on input line 723.
LaTeX Info: Redefining \Bigg on input line 724.
\big@size=\dimen154
LaTeX Font Info:    Redeclaring font encoding OML on input line 742.
LaTeX Font Info:    Redeclaring font encoding OMS on input line 743.
\macc@depth=\count281
LaTeX Info: Redefining \bmod on input line 904.
LaTeX Info: Redefining \pmod on input line 909.
LaTeX Info: Redefining \smash on input line 939.
LaTeX Info: Redefining \relbar on input line 969.
LaTeX Info: Redefining \Relbar on input line 970.
\c@MaxMatrixCols=\count282
\dotsspace@=\muskip17
\c@parentequation=\count283
\dspbrk@lvl=\count284
\tag@help=\toks18
\row@=\count285
\column@=\count286
\maxfields@=\count287
\andhelp@=\toks19
\eqnshift@=\dimen155
\alignsep@=\dimen156
\tagshift@=\dimen157
\tagwidth@=\dimen158
\totwidth@=\dimen159
\lineht@=\dimen160
\@envbody=\toks20
\multlinegap=\skip51
\multlinetaggap=\skip52
\mathdisplay@stack=\toks21
LaTeX Info: Redefining \[ on input line 2965.
LaTeX Info: Redefining \] on input line 2966.
)
LaTeX Font Info:    Trying to load font information for U+msa on input line 397
.

(/usr/local/texlive/2026/texmf-dist/tex/latex/amsfonts/umsa.fd
File: umsa.fd 2013/01/14 v3.01 AMS symbols A
)
(/usr/local/texlive/2026/texmf-dist/tex/latex/amsfonts/amsfonts.sty
Package: amsfonts 2013/01/14 v3.01 Basic AMSFonts support
\symAMSa=\mathgroup4
\symAMSb=\mathgroup5
LaTeX Font Info:    Redeclaring math symbol \hbar on input line 98.
LaTeX Font Info:    Overwriting math alphabet `\mathfrak' in version `bold'
(Font)                  U/euf/m/n --> U/euf/b/n on input line 106.
)
\copyins=\insert252
\abstractbox=\box55
\listisep=\skip53
\c@part=\count288
\c@section=\count289
\c@subsection=\count290
\c@subsubsection=\count291
\c@paragraph=\count292
\c@subparagraph=\count293
\c@figure=\count294
\c@table=\count295
\abovecaptionskip=\skip54
\belowcaptionskip=\skip55
\captionindent=\dimen161
\thm@style=\toks22
\thm@bodyfont=\toks23
\thm@headfont=\toks24
\thm@notefont=\toks25
\thm@headpunct=\toks26
\thm@preskip=\skip56
\thm@postskip=\skip57
\thm@headsep=\skip58
\dth@everypar=\toks27
)
LaTeX Info: Redefining \markboth on input line 2.

(/usr/local/texlive/2026/texmf-dist/tex/latex/graphics/graphicx.sty
Package: graphicx 2026-05-17 v1.2e Enhanced LaTeX Graphics (DPC,SPQR)

(/usr/local/texlive/2026/texmf-dist/tex/latex/graphics/keyval.sty
Package: keyval 2026-05-17 v1.15 key=value parser (DPC)
\KV@toks@=\toks28
)
(/usr/local/texlive/2026/texmf-dist/tex/latex/graphics/graphics.sty
Package: graphics 2026-05-17 v1.4h Standard LaTeX Graphics (DPC,SPQR)

(/usr/local/texlive/2026/texmf-dist/tex/latex/graphics/trig.sty
Package: trig 2023/12/02 v1.11 sin cos tan (DPC)
)
(/usr/local/texlive/2026/texmf-dist/tex/latex/graphics-cfg/graphics.cfg
File: graphics.cfg 2016/06/04 v1.11 sample graphics configuration
)
Package graphics Info: Driver file: pdftex.def on input line 106.

(/usr/local/texlive/2026/texmf-dist/tex/latex/graphics-def/pdftex.def
File: pdftex.def 2025/09/29 v1.2d Graphics/color driver for pdftex
))
\Gin@req@height=\dimen162
\Gin@req@width=\dimen163
)
(/usr/local/texlive/2026/texmf-dist/tex/latex/framed/framed.sty
Package: framed 2011/10/22 v 0.96: framed or shaded text with page breaks
\OuterFrameSep=\skip59
\fb@frw=\dimen164
\fb@frh=\dimen165
\FrameRule=\dimen166
\FrameSep=\dimen167
)
(/usr/local/texlive/2026/texmf-dist/tex/latex/comment/comment.sty
\CommentStream=\write3

Excluding comment 'comment')
(/usr/local/texlive/2026/texmf-dist/tex/latex/amsmath/amscd.sty
Package: amscd 2017/04/14 v2.1 AMS Commutative Diagrams
\athelp@=\toks29
\minaw@=\dimen168
\bigaw@=\dimen169
\minCDarrowwidth=\dimen170
)
(/usr/local/texlive/2026/texmf-dist/tex/latex/amsfonts/amssymb.sty
Package: amssymb 2013/01/14 v3.01 AMS font symbols
)
(/usr/local/texlive/2026/texmf-dist/tex/latex/xcolor/xcolor.sty
Package: xcolor 2024/09/29 v3.02 LaTeX color extensions (UK)

(/usr/local/texlive/2026/texmf-dist/tex/latex/graphics-cfg/color.cfg
File: color.cfg 2016/01/02 v1.6 sample color configuration
)
Package xcolor Info: Driver file: pdftex.def on input line 274.

(/usr/local/texlive/2026/texmf-dist/tex/latex/graphics/mathcolor.ltx)
Package xcolor Info: Model `cmy' substituted by `cmy0' on input line 1349.
Package xcolor Info: Model `hsb' substituted by `rgb' on input line 1353.
Package xcolor Info: Model `RGB' extended on input line 1365.
Package xcolor Info: Model `HTML' substituted by `rgb' on input line 1367.
Package xcolor Info: Model `Hsb' substituted by `hsb' on input line 1368.
Package xcolor Info: Model `tHsb' substituted by `hsb' on input line 1369.
Package xcolor Info: Model `HSB' substituted by `hsb' on input line 1370.
Package xcolor Info: Model `Gray' substituted by `gray' on input line 1371.
Package xcolor Info: Model `wave' substituted by `hsb' on input line 1372.
)
(/usr/local/texlive/2026/texmf-dist/tex/latex/tools/multicol.sty
Package: multicol 2025/10/21 v2.0b multicolumn formatting (FMi)
\c@tracingmulticols=\count296
\mult@box=\box56
\multicol@leftmargin=\dimen171
\c@unbalance=\count297
\c@collectmore=\count298
\doublecol@number=\count299
\multicoltolerance=\count300
\multicolpretolerance=\count301
\full@width=\dimen172
\page@free=\dimen173
\premulticols=\dimen174
\postmulticols=\dimen175
\multicolsep=\skip60
\multicolbaselineskip=\skip61
\partial@page=\box57
\last@line=\box58
\mc@boxedresult=\box59
\maxbalancingoverflow=\dimen176
\mult@rightbox=\box60
\mult@grightbox=\box61
\mult@firstbox=\box62
\mult@gfirstbox=\box63
\@tempa=\box64
\@tempa=\box65
\@tempa=\box66
\@tempa=\box67
\@tempa=\box68
\@tempa=\box69
\@tempa=\box70
\@tempa=\box71
\@tempa=\box72
\@tempa=\box73
\@tempa=\box74
\@tempa=\box75
\@tempa=\box76
\@tempa=\box77
\@tempa=\box78
\@tempa=\box79
\@tempa=\box80
\@tempa=\box81
\@tempa=\box82
\@tempa=\box83
\@tempa=\box84
\@tempa=\box85
\@tempa=\box86
\@tempa=\box87
\@tempa=\box88
\@tempa=\box89
\@tempa=\box90
\@tempa=\box91
\@tempa=\box92
\@tempa=\box93
\@tempa=\box94
\@tempa=\box95
\@tempa=\box96
\@tempa=\box97
\@tempa=\box98
\@tempa=\box99
\c@minrows=\count302
\c@columnbadness=\count303
\c@finalcolumnbadness=\count304
\last@try=\dimen177
\multicolovershoot=\dimen178
\multicolundershoot=\dimen179
\mult@nat@firstbox=\box100
\colbreak@box=\box101
\mc@col@check@num=\count305
\g__mc_curr_col_int=\count306
)
(/usr/local/texlive/2026/texmf-dist/tex/generic/xypic/xy.sty
(/usr/local/texlive/2026/texmf-dist/tex/generic/xypic/xy.tex Bootstrap'ing:
catcodes, docmode,
(/usr/local/texlive/2026/texmf-dist/tex/generic/xypic/xyrecat.tex)
(/usr/local/texlive/2026/texmf-dist/tex/generic/xypic/xyidioms.tex)

 Xy-pic version 3.8.9 <2013/10/06>
 Copyright (c) 1991-2013 by Kristoffer H. Rose <krisrose@tug.org> and others
 Xy-pic is free software: see the User's Guide for details.

Loading kernel: messages; fonts; allocations: state,
\X@c=\dimen180
\Y@c=\dimen181
\U@c=\dimen182
\D@c=\dimen183
\L@c=\dimen184
\R@c=\dimen185
\Edge@c=\toks30
\X@p=\dimen186
\Y@p=\dimen187
\U@p=\dimen188
\D@p=\dimen189
\L@p=\dimen190
\R@p=\dimen191
\Edge@p=\toks31
\X@origin=\dimen192
\Y@origin=\dimen193
\X@xbase=\dimen194
\Y@xbase=\dimen195
\X@ybase=\dimen196
\Y@ybase=\dimen197
\X@min=\dimen198
\Y@min=\dimen199
\X@max=\dimen256
\Y@max=\dimen257
\lastobjectbox@=\box102
\zerodotbox@=\box103
\almostz@=\dimen258
 direction,
\d@X=\dimen259
\d@Y=\dimen260
\K@=\count307
\KK@=\count308
\Direction=\count309
\K@dXdY=\dimen261
\K@dYdX=\dimen262
\xyread@=\read2
\xywrite@=\write4
\csp@=\count310
\quotPTK@=\dimen263

utility macros; pictures: \xy, positions,
\swaptoks@@=\toks32
\connectobjectbox@@=\box104
 objects,
\styletoks@=\toks33
 decorations;
kernel objects: directionals, circles, text; options; algorithms: directions,
edges, connections;  Xy-pic loaded)
(/usr/local/texlive/2026/texmf-dist/tex/generic/iftex/ifpdf.sty
Package: ifpdf 2019/10/25 v3.4 ifpdf legacy package. Use iftex instead.

(/usr/local/texlive/2026/texmf-dist/tex/generic/iftex/iftex.sty
Package: iftex 2024/12/12 v1.0g TeX engine tests
))
Package: xy 2013/10/06 Xy-pic version 3.8.9

(/usr/local/texlive/2026/texmf-dist/tex/generic/xypic/xyall.tex
 Xy-pic option: All features v.3.8
(/usr/local/texlive/2026/texmf-dist/tex/generic/xypic/xycurve.tex
 Xy-pic option: Curve and Spline extension v.3.12 curve,
\crv@cnt@=\count311
\crvpts@=\toks34
\splinebox@=\box105
\splineval@=\dimen264
\splinedepth@=\dimen265
\splinetol@=\dimen266
\splinelength@=\dimen267
 circles,
\L@=\dimen268
 loaded)
(/usr/local/texlive/2026/texmf-dist/tex/generic/xypic/xyframe.tex
 Xy-pic option: Frame and Bracket extension v.3.14 loaded)
(/usr/local/texlive/2026/texmf-dist/tex/generic/xypic/xycmtip.tex
 Xy-pic option: Computer Modern tip extension v.3.7
(/usr/local/texlive/2026/texmf-dist/tex/generic/xypic/xytips.tex
 Xy-pic option: More Tips extension v.3.11 loaded) loaded)
(/usr/local/texlive/2026/texmf-dist/tex/generic/xypic/xyline.tex
 Xy-pic option: Line styles extension v.3.10
\xylinethick@=\dimen269
 loaded)
(/usr/local/texlive/2026/texmf-dist/tex/generic/xypic/xyrotate.tex
 Xy-pic option: Rotate and Scale extension v.3.8 loaded)
(/usr/local/texlive/2026/texmf-dist/tex/generic/xypic/xycolor.tex
 Xy-pic option: Colour extension v.3.11 loaded)
(/usr/local/texlive/2026/texmf-dist/tex/generic/xypic/xymatrix.tex
 Xy-pic option: Matrix feature v.3.14
\Row=\count312
\Col=\count313
\queue@=\toks35
\queue@@=\toks36
\qcount@=\count314
\qcount@@=\count315
\matrixsize@=\count316
 loaded)
(/usr/local/texlive/2026/texmf-dist/tex/generic/xypic/xyarrow.tex
 Xy-pic option: Arrow and Path feature v.3.9 path, \ar, loaded)
(/usr/local/texlive/2026/texmf-dist/tex/generic/xypic/xygraph.tex
 Xy-pic option: Graph feature v.3.11 loaded) loaded)
(/usr/local/texlive/2026/texmf-dist/tex/generic/xypic/xyknot.tex
 Xy-pic option: Knots and Links feature v.3.9 knots and links, loaded)
(/usr/local/texlive/2026/texmf-dist/tex/generic/xypic/xypdf.tex
 Xy-pic option: PDF driver v.1.7 Xy-pic pdf driver: `color' extension support
(/usr/local/texlive/2026/texmf-dist/tex/generic/xypic/xypdf-co.tex loaded)
Xy-pic pdf driver: `curve' extension support
(/usr/local/texlive/2026/texmf-dist/tex/generic/xypic/xypdf-cu.tex loaded)
Xy-pic pdf driver: `frame' extension support
(/usr/local/texlive/2026/texmf-dist/tex/generic/xypic/xypdf-fr.tex loaded)
Xy-pic pdf driver: `line' extension support
(/usr/local/texlive/2026/texmf-dist/tex/generic/xypic/xypdf-li.tex loaded)
Xy-pic pdf driver: `rotate' extension support
(/usr/local/texlive/2026/texmf-dist/tex/generic/xypic/xypdf-ro.tex loaded)
loaded)) (/usr/local/texlive/2026/texmf-dist/tex/latex/enumitem/enumitem.sty
Package: enumitem 2025/02/06 v3.11 Customized lists
\labelindent=\skip62
\enit@outerparindent=\dimen270
\enit@toks=\toks37
\enit@inbox=\box106
\enit@count@id=\count317
\enitdp@description=\count318
)
(/usr/local/texlive/2026/texmf-dist/tex/generic/xypic/xyall.tex
 Xy-pic option: All features v.3.8 not reloaded)
(/usr/local/texlive/2026/texmf-dist/tex/generic/xypic/xyarc.tex
 Xy-pic option: Circle, Ellipse, Arc feature v.3.8 circles, ellipses,
elliptical arcs, loaded)
(/usr/local/texlive/2026/texmf-dist/tex/latex/hyperref/hyperref.sty
Package: hyperref 2026-06-17 v7.01r Hypertext links for LaTeX

(/usr/local/texlive/2026/texmf-dist/tex/latex/kvsetkeys/kvsetkeys.sty
Package: kvsetkeys 2022-10-05 v1.19 Key value parser (HO)
)
(/usr/local/texlive/2026/texmf-dist/tex/generic/kvdefinekeys/kvdefinekeys.sty
Package: kvdefinekeys 2019-12-19 v1.6 Define keys (HO)
)
(/usr/local/texlive/2026/texmf-dist/tex/generic/pdfescape/pdfescape.sty
Package: pdfescape 2019/12/09 v1.15 Implements pdfTeX's escape features (HO)

(/usr/local/texlive/2026/texmf-dist/tex/generic/ltxcmds/ltxcmds.sty
Package: ltxcmds 2023-12-04 v1.26 LaTeX kernel commands for general use (HO)
)
(/usr/local/texlive/2026/texmf-dist/tex/generic/pdftexcmds/pdftexcmds.sty
Package: pdftexcmds 2020-06-27 v0.33 Utility functions of pdfTeX for LuaTeX (HO
)

(/usr/local/texlive/2026/texmf-dist/tex/generic/infwarerr/infwarerr.sty
Package: infwarerr 2019/12/03 v1.5 Providing info/warning/error messages (HO)
)
Package pdftexcmds Info: \pdf@primitive is available.
Package pdftexcmds Info: \pdf@ifprimitive is available.
Package pdftexcmds Info: \pdfdraftmode found.
))
(/usr/local/texlive/2026/texmf-dist/tex/latex/hycolor/hycolor.sty
Package: hycolor 2020-01-27 v1.10 Color options for hyperref/bookmark (HO)
)
(/usr/local/texlive/2026/texmf-dist/tex/latex/hyperref/nameref.sty
Package: nameref 2026-01-29 v2.58 Cross-referencing by name of section

(/usr/local/texlive/2026/texmf-dist/tex/latex/refcount/refcount.sty
Package: refcount 2019/12/15 v3.6 Data extraction from label references (HO)
)
(/usr/local/texlive/2026/texmf-dist/tex/generic/gettitlestring/gettitlestring.s
ty
Package: gettitlestring 2019/12/15 v1.6 Cleanup title references (HO)
 (/usr/local/texlive/2026/texmf-dist/tex/latex/kvoptions/kvoptions.sty
Package: kvoptions 2022-06-15 v3.15 Key value format for package options (HO)
))
\c@section@level=\count319
)
(/usr/local/texlive/2026/texmf-dist/tex/latex/etoolbox/etoolbox.sty
Package: etoolbox 2025/10/02 v2.5m e-TeX tools for LaTeX (JAW)
\etb@tempcnta=\count320
)
(/usr/local/texlive/2026/texmf-dist/tex/generic/stringenc/stringenc.sty
Package: stringenc 2019/11/29 v1.12 Convert strings between diff. encodings (HO
)
)
\@linkdim=\dimen271
\Hy@linkcounter=\count321
\Hy@pagecounter=\count322

(/usr/local/texlive/2026/texmf-dist/tex/latex/hyperref/pd1enc.def
File: pd1enc.def 2026-06-17 v7.01r Hyperref: PDFDocEncoding definition (HO)
Now handling font encoding PD1 ...
... no UTF-8 mapping file for font encoding PD1
)
(/usr/local/texlive/2026/texmf-dist/tex/generic/intcalc/intcalc.sty
Package: intcalc 2019/12/15 v1.3 Expandable calculations with integers (HO)
)
\Hy@SavedSpaceFactor=\count323

(/usr/local/texlive/2026/texmf-dist/tex/latex/hyperref/puenc.def
File: puenc.def 2026-06-17 v7.01r Hyperref: PDF Unicode definition (HO)
Now handling font encoding PU ...
... no UTF-8 mapping file for font encoding PU
)
Package hyperref Info: Hyper figures OFF on input line 4199.
Package hyperref Info: Link nesting OFF on input line 4204.
Package hyperref Info: Hyper index ON on input line 4207.
Package hyperref Info: Plain pages OFF on input line 4214.
Package hyperref Info: Backreferencing OFF on input line 4219.
Package hyperref Info: Implicit mode ON; LaTeX internals redefined.
Package hyperref Info: Bookmarks ON on input line 4466.
\c@Hy@tempcnt=\count324

(/usr/local/texlive/2026/texmf-dist/tex/latex/url/url.sty
\Urlmuskip=\muskip18
Package: url 2013/09/16  ver 3.4  Verb mode for urls, etc.
)
LaTeX Info: Redefining \url on input line 4805.
\XeTeXLinkMargin=\dimen272

(/usr/local/texlive/2026/texmf-dist/tex/generic/bitset/bitset.sty
Package: bitset 2019/12/09 v1.3 Handle bit-vector datatype (HO)

(/usr/local/texlive/2026/texmf-dist/tex/generic/bigintcalc/bigintcalc.sty
Package: bigintcalc 2019/12/15 v1.5 Expandable calculations on big integers (HO
)
))
\Fld@menulength=\count325
\Field@Width=\dimen273
\Fld@charsize=\dimen274
Package hyperref Info: Hyper figures OFF on input line 6091.
Package hyperref Info: Link nesting OFF on input line 6096.
Package hyperref Info: Hyper index ON on input line 6099.
Package hyperref Info: backreferencing OFF on input line 6106.
Package hyperref Info: Link coloring OFF on input line 6111.
Package hyperref Info: Link coloring with OCG OFF on input line 6116.
Package hyperref Info: PDF/A mode OFF on input line 6121.
\Hy@abspage=\count326
\c@Item=\count327
\c@Hfootnote=\count328
)
Package hyperref Info: Driver (autodetected): hpdftex.

(/usr/local/texlive/2026/texmf-dist/tex/latex/hyperref/hpdftex.def
File: hpdftex.def 2026-06-17 v7.01r Hyperref driver for pdfTeX
\Fld@listcount=\count329
\c@bookmark@seq@number=\count330

(/usr/local/texlive/2026/texmf-dist/tex/latex/rerunfilecheck/rerunfilecheck.sty
Package: rerunfilecheck 2025-06-21 v1.11 Rerun checks for auxiliary files (HO)

(/usr/local/texlive/2026/texmf-dist/tex/generic/uniquecounter/uniquecounter.sty
Package: uniquecounter 2019/12/15 v1.4 Provide unlimited unique counter (HO)
)
Package uniquecounter Info: New unique counter `rerunfilecheck' on input line 2
84.
)
\Hy@SectionHShift=\skip63
)
\c@preproof=\count331
\c@obs=\count332
\c@introthm=\count333
\@indexfile=\write5
\openout5 = `221.idx'.


Writing index file 221.idx
(/usr/local/texlive/2026/texmf-dist/tex/latex/l3kernel/l3backend-pdftex.def
File: l3backend-pdftex.def 2026-08-10 L3 backend support: PDF output (pdfTeX)
\l__color_backend_stack_int=\count334
)
(./221.aux)
\openout1 = `221.aux'.

LaTeX Font Info:    Checking defaults for OML/cmm/m/it on input line 85.
LaTeX Font Info:    ... okay on input line 85.
LaTeX Font Info:    Checking defaults for OMS/cmsy/m/n on input line 85.
LaTeX Font Info:    ... okay on input line 85.
LaTeX Font Info:    Checking defaults for OT1/cmr/m/n on input line 85.
LaTeX Font Info:    ... okay on input line 85.
LaTeX Font Info:    Checking defaults for T1/cmr/m/n on input line 85.
LaTeX Font Info:    ... okay on input line 85.
LaTeX Font Info:    Checking defaults for TS1/cmr/m/n on input line 85.
LaTeX Font Info:    ... okay on input line 85.
LaTeX Font Info:    Checking defaults for OMX/cmex/m/n on input line 85.
LaTeX Font Info:    ... okay on input line 85.
LaTeX Font Info:    Checking defaults for U/cmr/m/n on input line 85.
LaTeX Font Info:    ... okay on input line 85.
LaTeX Font Info:    Checking defaults for PD1/pdf/m/n on input line 85.
LaTeX Font Info:    ... okay on input line 85.
LaTeX Font Info:    Checking defaults for PU/pdf/m/n on input line 85.
LaTeX Font Info:    ... okay on input line 85.
LaTeX Font Info:    Trying to load font information for U+msa on input line 85.

 (/usr/local/texlive/2026/texmf-dist/tex/latex/amsfonts/umsa.fd
File: umsa.fd 2013/01/14 v3.01 AMS symbols A
)
LaTeX Font Info:    Trying to load font information for U+msb on input line 85.


(/usr/local/texlive/2026/texmf-dist/tex/latex/amsfonts/umsb.fd
File: umsb.fd 2013/01/14 v3.01 AMS symbols B
)
(/usr/local/texlive/2026/texmf-dist/tex/context/base/mkii/supp-pdf.mkii
[Loading MPS to PDF converter (version 2006.09.02).]
\scratchcounter=\count335
\scratchdimen=\dimen275
\scratchbox=\box107
\nofMPsegments=\count336
\nofMParguments=\count337
\everyMPshowfont=\toks38
\MPscratchCnt=\count338
\MPscratchDim=\dimen276
\MPnumerator=\count339
\makeMPintoPDFobject=\count340
\everyMPtoPDFconversion=\toks39
) (/usr/local/texlive/2026/texmf-dist/tex/latex/epstopdf-pkg/epstopdf-base.sty
Package: epstopdf-base 2020-01-24 v2.11 Base part for package epstopdf
Package epstopdf-base Info: Redefining graphics rule for `.eps' on input line 4
85.

(/usr/local/texlive/2026/texmf-dist/tex/latex/latexconfig/epstopdf-sys.cfg
File: epstopdf-sys.cfg 2010/07/13 v1.3 Configuration of (r)epstopdf for TeX Liv
e
))
Package xypdf Info: Line width: 0.47998pt on input line 85.
Package hyperref Info: Link coloring OFF on input line 85.

(./221.out) (./221.out)
\@outlinefile=\write6
\openout6 = `221.out'.

 (./221.toc)
\tf@toc=\write7
\openout7 = `221.toc'.

 [1{/usr/local/texlive/2026/texmf-var/fonts/map/pdftex/updmap/pdftex.map}] [2{/
usr/local/texlive/2026/texmf-dist/fonts/enc/dvips/cm-super/cm-super-ts1.enc}] [
3] [4] [5] [6] [7]
Overfull \vbox (1.35388pt too high) has occurred while \output is active []


[8] [9]
Underfull \hbox (badness 10000) in paragraph at lines 390--392

 []

[10]
<sf1.png, id=246, 429.605pt x 426.59375pt>
File: sf1.png Graphic file (type png)
<use sf1.png>
Package pdftex.def Info: sf1.png  used on input line 392.
(pdftex.def)             Requested size: 214.80197pt x 213.29634pt.
<sf2.png, id=248, 458.71375pt x 457.71pt>
File: sf2.png Graphic file (type png)
<use sf2.png>
Package pdftex.def Info: sf2.png  used on input line 397.
(pdftex.def)             Requested size: 229.35631pt x 228.85445pt.

Underfull \vbox (badness 10000) has occurred while \output is active []

 [11 <./sf1.png>]
<sf3.png, id=255, 463.7325pt x 461.725pt>
File: sf3.png Graphic file (type png)
<use sf3.png>
Package pdftex.def Info: sf3.png  used on input line 402.
(pdftex.def)             Requested size: 231.86568pt x 230.86194pt.
 [12 <./sf2.png> <./sf3.png>]
<sf4.png, id=263, 462.72874pt x 466.74374pt>
File: sf4.png Graphic file (type png)
<use sf4.png>
Package pdftex.def Info: sf4.png  used on input line 416.
(pdftex.def)             Requested size: 231.3638pt x 233.37129pt.
<sf7.png, id=264, 405.515pt x 397.485pt>
File: sf7.png Graphic file (type png)
<use sf7.png>
Package pdftex.def Info: sf7.png  used on input line 430.
(pdftex.def)             Requested size: 202.75699pt x 198.742pt.
 [13 <./sf4.png>]
<sf8.png, id=276, 405.515pt x 401.5pt>
File: sf8.png Graphic file (type png)
<use sf8.png>
Package pdftex.def Info: sf8.png  used on input line 432.
(pdftex.def)             Requested size: 202.75699pt x 200.7495pt.
 [14 <./sf7.png> <./sf8.png>]
<sf5.png, id=287, 418.56375pt x 411.5375pt>
File: sf5.png Graphic file (type png)
<use sf5.png>
Package pdftex.def Info: sf5.png  used on input line 458.
(pdftex.def)             Requested size: 209.28136pt x 205.76825pt.
<sf6.png, id=288, 412.54124pt x 411.5375pt>
File: sf6.png Graphic file (type png)
<use sf6.png>
Package pdftex.def Info: sf6.png  used on input line 460.
(pdftex.def)             Requested size: 206.27011pt x 205.76825pt.

Underfull \vbox (badness 10000) has occurred while \output is active []

 [15 <./sf5.png>] [16 <./sf6.png>]
Overfull \hbox (3.46704pt too wide) in paragraph at lines 496--496
[][]\OT1/cmr/bx/n/12 Example 4.4. []\OT1/cmr/m/n/12 To com-pute $[] \OML/cmm/m/
it/12 x[] []\OT1/cmr/m/n/12 (\OML/cmm/m/it/12 x[]\OT1/cmr/m/n/12 ) \OML/cmm/m/i
t/12 dx$\OT1/cmr/m/n/12 , take $\OML/cmm/m/it/12 u \OT1/cmr/m/n/12 = \OML/cmm/m
/it/12 x[]$\OT1/cmr/m/n/12 , so $[]$.
 []

[17] [18] [19] Excluding 'comment' comment. [20] [21] [22]
<gr1.png, id=350, 542.025pt x 416.55624pt>
File: gr1.png Graphic file (type png)
<use gr1.png>
Package pdftex.def Info: gr1.png  used on input line 719.
(pdftex.def)             Requested size: 271.01183pt x 208.2776pt.
 [23] [24 <./gr1.png>] [25] [26] [27]
Overfull \hbox (40.35239pt too wide) detected at line 849
\U/msa/m/n/12   \OML/cmm/m/it/12 e[]T \OT1/cmr/m/n/12 = [] \OMS/cmsy/m/n/12 ^^@
\OT1/cmr/m/n/12 400\OML/cmm/m/it/12 ke[] dt \OT1/cmr/m/n/12 = \OMS/cmsy/m/n/12 
^^@\OT1/cmr/m/n/12 400\OML/cmm/m/it/12 k [] e[] dt \OT1/cmr/m/n/12 = []\OML/cmm
/m/it/12 e[] \OT1/cmr/m/n/12 + \OML/cmm/m/it/12 C \OT1/cmr/m/n/12 = 400\OML/cmm
/m/it/12 e[] \OT1/cmr/m/n/12 + \OML/cmm/m/it/12 C
 []

[28] [29] [30]
Overfull \hbox (2.93391pt too wide) in paragraph at lines 935--936
[]\OT1/cmr/m/n/12 Based on your model (and not just the story), de-ter-mine whe
ther
 []

[31]
<sf9.png, id=408, 492.84125pt x 490.83376pt>
File: sf9.png Graphic file (type png)
<use sf9.png>
Package pdftex.def Info: sf9.png  used on input line 942.
(pdftex.def)             Requested size: 246.42001pt x 245.41628pt.
 [32 <./sf9.png>] [33] [34] [35] [36] [37]
Overfull \hbox (4.31795pt too wide) in paragraph at lines 1110--1111
[][]\OT1/cmr/bx/n/12 Theorem 10.7 \OT1/cmr/m/n/12 (Prin-ci-ple of su-per-po-si-
tion for non-ho-mo-ge-neous ODEs)\OT1/cmr/bx/n/12 .
 []

[38] [39
pdfTeX warning (ext4): destination with the same identifier (name{equation.11.1
}) has been already used, duplicate ignored
<argument> ...shipout:D \box_use:N \l_shipout_box 
                                                  \__shipout_drop_firstpage_...
l.1205 \end{cases}\]
                    ] [40] [41]
<det1.png, id=516, 148.555pt x 79.29625pt>
File: det1.png Graphic file (type png)
<use det1.png>
Package pdftex.def Info: det1.png  used on input line 1279.
(pdftex.def)             Requested size: 81.70549pt x 43.61305pt.

Overfull \hbox (2.37727pt too wide) in paragraph at lines 1301--1302
[][]\OT1/cmr/bx/n/12 Example 12.3. []\OT1/cmr/m/n/12 Let's use Wron-skians to s
how that the func-tions $\OMS/cmsy/m/n/12 f\OML/cmm/m/it/12 x; e[]\OMS/cmsy/m/n
/12 g$
 []

[42 <./det1.png>]
Overfull \hbox (3.75435pt too wide) in paragraph at lines 1315--1316
[]$\OML/cmm/m/it/12 f[]; [] ; f[]$ \OT1/cmr/m/n/12 are lin-early in-de-pen-dent
 on the in-ter-val $\OMS/cmsy/m/n/12 ([])$ \OT1/cmr/m/n/12 the Wron-
 []

[43]
Overfull \hbox (22.32095pt too wide) in paragraph at lines 1369--1371
[]\OT1/cmr/m/n/12 We also saw that $[](\OML/cmm/m/it/12 x\OT1/cmr/m/n/12 )\OML/
cmm/m/it/12 ; []\OT1/cmr/m/n/12 (\OML/cmm/m/it/12 x\OT1/cmr/m/n/12 )$ are so-lu
-tions. Is $\OMS/cmsy/m/n/12 f[]\OT1/cmr/m/n/12 (\OML/cmm/m/it/12 x\OT1/cmr/m/n
/12 )\OML/cmm/m/it/12 ; []\OT1/cmr/m/n/12 (\OML/cmm/m/it/12 x\OT1/cmr/m/n/12 )\
OMS/cmsy/m/n/12 g$
 []

[44] [45] [46] [47] [48]
Overfull \hbox (11.83226pt too wide) in paragraph at lines 1548--1552
\OT1/cmr/m/n/12 (In a gen-eral re-duc-tion of or-der ex-am-ple, we would now se
t $[]\OML/cmm/m/it/12 ; []$\OT1/cmr/m/n/12 ,
 []

[49]
Overfull \hbox (4.76198pt too wide) detected at line 1594
[][]
 []


Overfull \hbox (13.4856pt too wide) detected at line 1602
\OML/cmm/m/it/12 e[] \OT1/cmr/m/n/12 = \OML/cmm/m/it/12 e[]e[] \OT1/cmr/m/n/12 
= \OML/cmm/m/it/12 e[]\OT1/cmr/m/n/12 ([](\OMS/cmsy/m/n/12 ^^@\OML/cmm/m/it/12 
bx\OT1/cmr/m/n/12 ) + \OML/cmm/m/it/12 i []\OT1/cmr/m/n/12 (\OMS/cmsy/m/n/12 ^^
@\OML/cmm/m/it/12 bx\OT1/cmr/m/n/12 )) = \OML/cmm/m/it/12 e[] []\OT1/cmr/m/n/12
 (\OML/cmm/m/it/12 bx\OT1/cmr/m/n/12 ) \OMS/cmsy/m/n/12 ^^@ \OML/cmm/m/it/12 ie
[] []\OT1/cmr/m/n/12 (\OML/cmm/m/it/12 bx\OT1/cmr/m/n/12 )
 []

[50] [51] [52] [53] [54]
Overfull \hbox (39.15662pt too wide) in paragraph at lines 1762--1764
\OT1/cmr/m/n/12 i.e., take the prod-ucts of func-tions in $\OMS/cmsy/m/n/12 f\O
ML/cmm/m/it/12 x; \OT1/cmr/m/n/12 1\OMS/cmsy/m/n/12 g$ \OT1/cmr/m/n/12 with fun
c-tions in $\OMS/cmsy/m/n/12 f[]\OT1/cmr/m/n/12 (3\OML/cmm/m/it/12 x\OT1/cmr/m/
n/12 )\OML/cmm/m/it/12 ; []\OT1/cmr/m/n/12 (3\OML/cmm/m/it/12 x\OT1/cmr/m/n/12 
)\OMS/cmsy/m/n/12 g$\OT1/cmr/m/n/12 : 
 []

[55] [56]
<tac01.jpg, id=632, 580.1675pt x 326.21875pt>
File: tac01.jpg Graphic file (type jpg)
<use tac01.jpg>
Package pdftex.def Info: tac01.jpg  used on input line 1843.
(pdftex.def)             Requested size: 118.80066pt x 66.79562pt.
<tac02.png, id=633, 508.299pt x 294.8616pt>
File: tac02.png Graphic file (type png)
<use tac02.png>
Package pdftex.def Info: tac02.png  used on input line 1846.
(pdftex.def)             Requested size: 118.80066pt x 68.91454pt.
<tac03.jpg, id=634, 513.92pt x 397.485pt>
File: tac03.jpg Graphic file (type jpg)
<use tac03.jpg>
Package pdftex.def Info: tac03.jpg  used on input line 1849.
(pdftex.def)             Requested size: 118.80066pt x 91.88057pt.
 [57] [58 <./tac01.jpg> <./tac02.png> <./tac03.jpg>] [59] [60]
[61]
<spring1.png, id=672, 379.4175pt x 314.17375pt>
File: spring1.png Graphic file (type png)
<use spring1.png>
Package pdftex.def Info: spring1.png  used on input line 1962.
(pdftex.def)             Requested size: 189.70828pt x 157.08649pt.

Overfull \hbox (12.07672pt too wide) in paragraph at lines 1964--1964
[][] \OT1/cmr/m/n/12 = [][] = \OML/cmm/m/it/12 i^^M$ \OT1/cmr/m/n/12 for $\OML/
cmm/m/it/12 ^^M \OT1/cmr/m/n/12 = [][]$.
 []

<spring2.png, id=673, 429.605pt x 421.575pt>
File: spring2.png Graphic file (type png)
<use spring2.png>
Package pdftex.def Info: spring2.png  used on input line 1966.
(pdftex.def)             Requested size: 214.80197pt x 210.78697pt.

Underfull \vbox (badness 4492) has occurred while \output is active []

 [62 <./spring1.png>]
<spring3.png, id=681, 432.61626pt x 357.335pt>
File: spring3.png Graphic file (type png)
<use spring3.png>
Package pdftex.def Info: spring3.png  used on input line 1971.
(pdftex.def)             Requested size: 216.3076pt x 178.66705pt.
 [63 <./spring2.png> <./spring3.png>]
<spring4.png, id=690, 612.2875pt x 254.9525pt>
File: spring4.png Graphic file (type png)
<use spring4.png>
Package pdftex.def Info: spring4.png  used on input line 1990.
(pdftex.def)             Requested size: 306.143pt x 127.47592pt.
<spring5.png, id=691, 494.84875pt x 413.545pt>
File: spring5.png Graphic file (type png)
<use spring5.png>
Package pdftex.def Info: spring5.png  used on input line 2002.
(pdftex.def)             Requested size: 247.42377pt x 206.77199pt.
 [64 <./spring4.png>] [65 <./spring5.png>] [66] [67] [68] [69] [70] [71] [72]
Overfull \hbox (9.4838pt too wide) in paragraph at lines 2291--2292
[]\OT1/cmr/m/n/12 We can also com-pute in-verse Laplace trans-forms of ir-re-du
cible quadrat-
 []

[73]
Overfull \hbox (8.04338pt too wide) detected at line 2315
[][]
 []

[74] [75] [76] [77] [78] [79] [80] [81]
Underfull \vbox (badness 6691) has occurred while \output is active []

 [82]
[83] [84] [85] [86] [87] [88] [89] [90]
Underfull \vbox (badness 1968) has occurred while \output is active []

 [91]
[92] Excluding 'comment' comment.
No file 221.ind.
[93] (./221.aux)
 ***********
LaTeX2e <2026-06-01>
L3 programming layer <2026-08-10>
 ***********


LaTeX Warning: Label(s) may have changed. Rerun to get cross-references right.

Package rerunfilecheck Info: File `221.out' has not changed.
(rerunfilecheck)             Checksum: 64C0A7FA91A9BCE98A9C0151612AF721;3837.
 ) 
Here is how much of TeX's memory you used:
 15199 strings out of 467099
 216988 string characters out of 5408259
 712025 words of memory out of 5000000
 43716 multiletter control sequences out of 15000+600000
 638067 words of font info for 83 fonts, out of 8000000 for 9000
 1302 hyphenation exceptions out of 8191
 74i,16n,79p,3235b,748s stack positions out of 10000i,1000n,20000p,200000b,200000s

pdfTeX warning (dest): name{equation.10.3} has been referenced but does not exi
st, replaced by a fixed one


pdfTeX warning (dest): name{equation.3.8} has been referenced but does not exis
t, replaced by a fixed one


pdfTeX warning (dest): name{equation.2.1} has been referenced but does not exis
t, replaced by a fixed one

</usr/local/texlive/2026/texmf-dist/fonts/type1/public/amsfonts/cm/cmbx12.pfb><
/usr/local/texlive/2026/texmf-dist/fonts/type1/public/amsfonts/cm/cmbx8.pfb></u
sr/local/texlive/2026/texmf-dist/fonts/type1/public/amsfonts/cm/cmcsc10.pfb></u
sr/local/texlive/2026/texmf-dist/fonts/type1/public/amsfonts/cm/cmex10.pfb></us
r/local/texlive/2026/texmf-dist/fonts/type1/public/amsfonts/cmextra/cmex8.pfb><
/usr/local/texlive/2026/texmf-dist/fonts/type1/public/amsfonts/cm/cmmi12.pfb></
usr/local/texlive/2026/texmf-dist/fonts/type1/public/amsfonts/cm/cmmi6.pfb></us
r/local/texlive/2026/texmf-dist/fonts/type1/public/amsfonts/cm/cmmi8.pfb></usr/
local/texlive/2026/texmf-dist/fonts/type1/public/amsfonts/cm/cmr10.pfb></usr/lo
cal/texlive/2026/texmf-dist/fonts/type1/public/amsfonts/cm/cmr12.pfb></usr/loca
l/texlive/2026/texmf-dist/fonts/type1/public/amsfonts/cm/cmr6.pfb></usr/local/t
exlive/2026/texmf-dist/fonts/type1/public/amsfonts/cm/cmr8.pfb></usr/local/texl
ive/2026/texmf-dist/fonts/type1/public/amsfonts/cm/cmr9.pfb></usr/local/texlive
/2026/texmf-dist/fonts/type1/public/amsfonts/cm/cmsy10.pfb></usr/local/texlive/
2026/texmf-dist/fonts/type1/public/amsfonts/cm/cmsy6.pfb></usr/local/texlive/20
26/texmf-dist/fonts/type1/public/amsfonts/cm/cmsy8.pfb></usr/local/texlive/2026
/texmf-dist/fonts/type1/public/amsfonts/cm/cmti12.pfb></usr/local/texlive/2026/
texmf-dist/fonts/type1/public/amsfonts/symbols/msam10.pfb></usr/local/texlive/2
026/texmf-dist/fonts/type1/public/amsfonts/symbols/msbm10.pfb></usr/local/texli
ve/2026/texmf-dist/fonts/type1/public/cm-super/sfbx1200.pfb></usr/local/texlive
/2026/texmf-dist/fonts/type1/public/cm-super/sfrm1200.pfb>
Output written on 221.pdf (93 pages, 1592053 bytes).
PDF statistics:
 1107 PDF objects out of 1200 (max. 8388607)
 924 compressed objects within 10 object streams
 438 named destinations out of 1000 (max. 500000)
 296 words of extra memory for PDF output out of 10000 (max. 10000000)

