\BOOKMARK [1][-]{section*.1}{Math 221 Fall 2026: Differential Equations MW 8:30am\2059:20am, Bessey Hall 117}{}% 1
\BOOKMARK [2][-]{section*.2}{Course Description}{section*.1}% 2
\BOOKMARK [2][-]{section*.3}{Instructor}{section*.1}% 3
\BOOKMARK [2][-]{section*.4}{Office}{section*.1}% 4
\BOOKMARK [2][-]{section*.5}{Email}{section*.1}% 5
\BOOKMARK [2][-]{section*.6}{Course Website}{section*.1}% 6
\BOOKMARK [2][-]{section*.7}{Office Hours}{section*.1}% 7
\BOOKMARK [2][-]{section*.8}{What are office hours?}{section*.1}% 8
\BOOKMARK [2][-]{section*.9}{Textbook}{section*.1}% 9
\BOOKMARK [2][-]{section*.10}{Course expectations}{section*.1}% 10
\BOOKMARK [2][-]{section*.11}{Assessments}{section*.1}% 11
\BOOKMARK [2][-]{section*.12}{AI statement}{section*.1}% 12
\BOOKMARK [2][-]{section*.13}{Calculators and communication devices}{section*.1}% 13
\BOOKMARK [2][-]{section*.14}{Midterm and final exam}{section*.1}% 14
\BOOKMARK [2][-]{section*.15}{Other important dates}{section*.1}% 15
\BOOKMARK [2][-]{section*.16}{Final grade}{section*.1}% 16
\BOOKMARK [2][-]{section*.17}{Departmental grading appeals policy}{section*.1}% 17
\BOOKMARK [2][-]{section*.18}{Continuity plans}{section*.1}% 18
\BOOKMARK [2][-]{section*.19}{Followup assessment}{section*.1}% 19
\BOOKMARK [2][-]{section*.20}{Resources}{section*.1}% 20
\BOOKMARK [2][-]{section*.21}{Other policies and resources}{section*.1}% 21
